// Jest Snapshot v1, https://goo.gl/fbAQLP

exports[`<NotFoundPage /> Snaphot must match notFoundPageAsync 1`] = `null`;

exports[`<NotFoundPage /> Snaphot must match notFoundPageDefault 1`] = `
<div>
  <h2>
    some-name
  </h2>
  <div>
    <h3>
      No match for 
      <code>
        some-path-name
      </code>
    </h3>
  </div>
  <div>
    some link
  </div>
</div>
`;

exports[`<NotFoundPage /> Snaphot must match notFoundPageNull 1`] = `null`;
