// Jest Snapshot v1, https://goo.gl/fbAQLP

exports[`<ButtonsPage /> Snaphot must match buttonsPageDefault 1`] = `
<div>
  <h2>
    some-name
  </h2>
  <div>
    Under construction
     
    <span
      aria-label="emoji"
      role="img"
    >
      ðŸ™‚
    </span>
    <div>
      some link
    </div>
  </div>
</div>
`;
