// Jest Snapshot v1, https://goo.gl/fbAQLP

exports[`<AlertsPage /> Snaphot must match alertsPageAsync 1`] = `null`;

exports[`<AlertsPage /> Snaphot must match alertsPageDefault 1`] = `
<div>
  <h2>
    some-name
  </h2>
  <div>
    Under construction
     
    <span
      aria-label="emoji"
      role="img"
    >
      ðŸ™‚
    </span>
  </div>
  <div>
    some link
  </div>
</div>
`;

exports[`<AlertsPage /> Snaphot must match alertsPageNull 1`] = `null`;
